app/nbd-incoming/page.tsx(5,27): error TS2307: Cannot find module '@/components/LayoutWrapper' or its corresponding type declarations.
app/nbd-incoming/page.tsx(6,26): error TS2307: Cannot find module '@/components/ToastProvider' or its corresponding type declarations.
app/nbd-incoming/page.tsx(7,27): error TS2307: Cannot find module '@/components/LoaderProvider' or its corresponding type declarations.
app/nbd-incoming/page.tsx(8,43): error TS2307: Cannot find module '@/utils/timezone' or its corresponding type declarations.
app/nbd-incoming/page.tsx(9,34): error TS2307: Cannot find module '@/components/CustomDateTimePicker' or its corresponding type declarations.
app/nbd-incoming/page.tsx(10,32): error TS2307: Cannot find module '@/components/SearchableDropdown' or its corresponding type declarations.
app/nbd-incoming/page.tsx(11,29): error TS2307: Cannot find module '@/components/DateRangePicker' or its corresponding type declarations.
app/nbd-incoming/page.tsx(76,13): error TS17004: Cannot use JSX unless the '--jsx' flag is provided.
app/nbd-incoming/page.tsx(78,17): error TS17004: Cannot use JSX unless the '--jsx' flag is provided.
app/nbd-incoming/page.tsx(79,21): error TS17004: Cannot use JSX unless the '--jsx' flag is provided.
app/nbd-incoming/page.tsx(80,25): error TS17004: Cannot use JSX unless the '--jsx' flag is provided.
app/nbd-incoming/page.tsx(81,29): error TS17004: Cannot use JSX unless the '--jsx' flag is provided.
app/nbd-incoming/page.tsx(82,33): error TS17004: Cannot use JSX unless the '--jsx' flag is provided.
app/nbd-incoming/page.tsx(85,25): error TS17004: Cannot use JSX unless the '--jsx' flag is provided.
app/nbd-incoming/page.tsx(89,21): error TS17004: Cannot use JSX unless the '--jsx' flag is provided.
app/nbd-incoming/page.tsx(90,25): error TS17004: Cannot use JSX unless the '--jsx' flag is provided.
app/nbd-incoming/page.tsx(91,29): error TS17004: Cannot use JSX unless the '--jsx' flag is provided.
app/nbd-incoming/page.tsx(92,29): error TS17004: Cannot use JSX unless the '--jsx' flag is provided.
app/nbd-incoming/page.tsx(94,25): error TS17004: Cannot use JSX unless the '--jsx' flag is provided.
app/nbd-incoming/page.tsx(100,17): error TS17004: Cannot use JSX unless the '--jsx' flag is provided.
app/nbd-incoming/page.tsx(102,21): error TS17004: Cannot use JSX unless the '--jsx' flag is provided.
app/nbd-incoming/page.tsx(104,21): error TS17004: Cannot use JSX unless the '--jsx' flag is provided.
app/nbd-incoming/page.tsx(106,29): error TS17004: Cannot use JSX unless the '--jsx' flag is provided.
app/nbd-incoming/page.tsx(107,33): error TS17004: Cannot use JSX unless the '--jsx' flag is provided.
app/nbd-incoming/page.tsx(108,37): error TS17004: Cannot use JSX unless the '--jsx' flag is provided.
app/nbd-incoming/page.tsx(109,41): error TS17004: Cannot use JSX unless the '--jsx' flag is provided.
app/nbd-incoming/page.tsx(112,33): error TS17004: Cannot use JSX unless the '--jsx' flag is provided.
app/nbd-incoming/page.tsx(118,37): error TS17004: Cannot use JSX unless the '--jsx' flag is provided.
app/nbd-incoming/page.tsx(131,41): error TS17004: Cannot use JSX unless the '--jsx' flag is provided.
app/nbd-incoming/page.tsx(137,45): error TS17004: Cannot use JSX unless the '--jsx' flag is provided.
app/nbd-incoming/page.tsx(142,41): error TS17004: Cannot use JSX unless the '--jsx' flag is provided.
app/nbd-incoming/page.tsx(143,45): error TS17004: Cannot use JSX unless the '--jsx' flag is provided.
app/nbd-incoming/page.tsx(144,49): error TS17004: Cannot use JSX unless the '--jsx' flag is provided.
app/nbd-incoming/page.tsx(145,53): error TS17004: Cannot use JSX unless the '--jsx' flag is provided.
app/nbd-incoming/page.tsx(152,53): error TS17004: Cannot use JSX unless the '--jsx' flag is provided.
app/nbd-incoming/page.tsx(153,57): error TS17004: Cannot use JSX unless the '--jsx' flag is provided.
app/nbd-incoming/page.tsx(154,61): error TS17004: Cannot use JSX unless the '--jsx' flag is provided.
app/nbd-incoming/page.tsx(154,172): error TS17004: Cannot use JSX unless the '--jsx' flag is provided.
app/nbd-incoming/page.tsx(160,53): error TS17004: Cannot use JSX unless the '--jsx' flag is provided.
app/nbd-incoming/page.tsx(161,57): error TS17004: Cannot use JSX unless the '--jsx' flag is provided.
app/nbd-incoming/page.tsx(168,45): error TS17004: Cannot use JSX unless the '--jsx' flag is provided.
app/nbd-incoming/page.tsx(169,49): error TS17004: Cannot use JSX unless the '--jsx' flag is provided.
app/nbd-incoming/page.tsx(175,49): error TS17004: Cannot use JSX unless the '--jsx' flag is provided.
app/nbd-incoming/page.tsx(176,53): error TS17004: Cannot use JSX unless the '--jsx' flag is provided.
app/nbd-incoming/page.tsx(177,57): error TS17004: Cannot use JSX unless the '--jsx' flag is provided.
app/nbd-incoming/page.tsx(177,164): error TS17004: Cannot use JSX unless the '--jsx' flag is provided.
app/nbd-incoming/page.tsx(179,53): error TS17004: Cannot use JSX unless the '--jsx' flag is provided.
app/nbd-incoming/page.tsx(180,57): error TS17004: Cannot use JSX unless the '--jsx' flag is provided.
app/nbd-incoming/page.tsx(181,57): error TS17004: Cannot use JSX unless the '--jsx' flag is provided.
app/nbd-incoming/page.tsx(182,61): error TS17004: Cannot use JSX unless the '--jsx' flag is provided.
app/nbd-incoming/page.tsx(194,25): error TS17004: Cannot use JSX unless the '--jsx' flag is provided.
app/nbd-incoming/page.tsx(195,29): error TS17004: Cannot use JSX unless the '--jsx' flag is provided.
app/nbd-incoming/page.tsx(196,33): error TS17004: Cannot use JSX unless the '--jsx' flag is provided.
app/nbd-incoming/page.tsx(198,29): error TS17004: Cannot use JSX unless the '--jsx' flag is provided.
app/nbd-incoming/page.tsx(199,33): error TS17004: Cannot use JSX unless the '--jsx' flag is provided.
app/nbd-incoming/page.tsx(200,37): error TS17004: Cannot use JSX unless the '--jsx' flag is provided.
app/nbd-incoming/page.tsx(201,37): error TS17004: Cannot use JSX unless the '--jsx' flag is provided.
app/nbd-incoming/page.tsx(719,9): error TS17004: Cannot use JSX unless the '--jsx' flag is provided.
app/nbd-incoming/page.tsx(990,9): error TS17004: Cannot use JSX unless the '--jsx' flag is provided.
app/nbd-incoming/page.tsx(991,13): error TS17004: Cannot use JSX unless the '--jsx' flag is provided.
app/nbd-incoming/page.tsx(993,17): error TS17004: Cannot use JSX unless the '--jsx' flag is provided.
app/nbd-incoming/page.tsx(998,21): error TS17004: Cannot use JSX unless the '--jsx' flag is provided.
app/nbd-incoming/page.tsx(999,25): error TS17004: Cannot use JSX unless the '--jsx' flag is provided.
app/nbd-incoming/page.tsx(1000,29): error TS17004: Cannot use JSX unless the '--jsx' flag is provided.
app/nbd-incoming/page.tsx(1003,29): error TS17004: Cannot use JSX unless the '--jsx' flag is provided.
app/nbd-incoming/page.tsx(1005,25): error TS17004: Cannot use JSX unless the '--jsx' flag is provided.
app/nbd-incoming/page.tsx(1007,29): error TS17004: Cannot use JSX unless the '--jsx' flag is provided.
app/nbd-incoming/page.tsx(1009,37): error TS17004: Cannot use JSX unless the '--jsx' flag is provided.
app/nbd-incoming/page.tsx(1020,61): error TS17004: Cannot use JSX unless the '--jsx' flag is provided.
app/nbd-incoming/page.tsx(1020,140): error TS17004: Cannot use JSX unless the '--jsx' flag is provided.
app/nbd-incoming/page.tsx(1021,65): error TS17004: Cannot use JSX unless the '--jsx' flag is provided.
app/nbd-incoming/page.tsx(1021,144): error TS17004: Cannot use JSX unless the '--jsx' flag is provided.
app/nbd-incoming/page.tsx(1022,61): error TS17004: Cannot use JSX unless the '--jsx' flag is provided.
app/nbd-incoming/page.tsx(1022,140): error TS17004: Cannot use JSX unless the '--jsx' flag is provided.
app/nbd-incoming/page.tsx(1023,61): error TS17004: Cannot use JSX unless the '--jsx' flag is provided.
app/nbd-incoming/page.tsx(1023,140): error TS17004: Cannot use JSX unless the '--jsx' flag is provided.
app/nbd-incoming/page.tsx(1024,41): error TS17004: Cannot use JSX unless the '--jsx' flag is provided.
app/nbd-incoming/page.tsx(1030,33): error TS17004: Cannot use JSX unless the '--jsx' flag is provided.
app/nbd-incoming/page.tsx(1036,37): error TS17004: Cannot use JSX unless the '--jsx' flag is provided.
app/nbd-incoming/page.tsx(1037,41): error TS17004: Cannot use JSX unless the '--jsx' flag is provided.
app/nbd-incoming/page.tsx(1039,37): error TS17004: Cannot use JSX unless the '--jsx' flag is provided.
app/nbd-incoming/page.tsx(1043,29): error TS17004: Cannot use JSX unless the '--jsx' flag is provided.
app/nbd-incoming/page.tsx(1050,33): error TS17004: Cannot use JSX unless the '--jsx' flag is provided.
app/nbd-incoming/page.tsx(1051,37): error TS17004: Cannot use JSX unless the '--jsx' flag is provided.
app/nbd-incoming/page.tsx(1053,33): error TS17004: Cannot use JSX unless the '--jsx' flag is provided.
app/nbd-incoming/page.tsx(1056,29): error TS17004: Cannot use JSX unless the '--jsx' flag is provided.
app/nbd-incoming/page.tsx(1064,29): error TS17004: Cannot use JSX unless the '--jsx' flag is provided.
app/nbd-incoming/page.tsx(1070,33): error TS17004: Cannot use JSX unless the '--jsx' flag is provided.
app/nbd-incoming/page.tsx(1071,37): error TS17004: Cannot use JSX unless the '--jsx' flag is provided.
app/nbd-incoming/page.tsx(1073,33): error TS17004: Cannot use JSX unless the '--jsx' flag is provided.
app/nbd-incoming/page.tsx(1076,29): error TS17004: Cannot use JSX unless the '--jsx' flag is provided.
app/nbd-incoming/page.tsx(1083,33): error TS17004: Cannot use JSX unless the '--jsx' flag is provided.
app/nbd-incoming/page.tsx(1084,37): error TS17004: Cannot use JSX unless the '--jsx' flag is provided.
app/nbd-incoming/page.tsx(1086,33): error TS17004: Cannot use JSX unless the '--jsx' flag is provided.
app/nbd-incoming/page.tsx(1089,29): error TS17004: Cannot use JSX unless the '--jsx' flag is provided.
app/nbd-incoming/page.tsx(1099,33): error TS17004: Cannot use JSX unless the '--jsx' flag is provided.
app/nbd-incoming/page.tsx(1100,37): error TS17004: Cannot use JSX unless the '--jsx' flag is provided.
app/nbd-incoming/page.tsx(1102,33): error TS17004: Cannot use JSX unless the '--jsx' flag is provided.
app/nbd-incoming/page.tsx(1103,33): error TS17004: Cannot use JSX unless the '--jsx' flag is provided.
app/nbd-incoming/page.tsx(1128,29): error TS17004: Cannot use JSX unless the '--jsx' flag is provided.
app/nbd-incoming/page.tsx(1135,33): error TS17004: Cannot use JSX unless the '--jsx' flag is provided.
app/nbd-incoming/page.tsx(1136,37): error TS17004: Cannot use JSX unless the '--jsx' flag is provided.
app/nbd-incoming/page.tsx(1138,33): error TS17004: Cannot use JSX unless the '--jsx' flag is provided.
app/nbd-incoming/page.tsx(1140,29): error TS17004: Cannot use JSX unless the '--jsx' flag is provided.
app/nbd-incoming/page.tsx(1146,33): error TS17004: Cannot use JSX unless the '--jsx' flag is provided.
app/nbd-incoming/page.tsx(1147,37): error TS17004: Cannot use JSX unless the '--jsx' flag is provided.
app/nbd-incoming/page.tsx(1149,33): error TS17004: Cannot use JSX unless the '--jsx' flag is provided.
app/nbd-incoming/page.tsx(1150,33): error TS17004: Cannot use JSX unless the '--jsx' flag is provided.
app/nbd-incoming/page.tsx(1156,17): error TS17004: Cannot use JSX unless the '--jsx' flag is provided.
app/nbd-incoming/page.tsx(1161,21): error TS17004: Cannot use JSX unless the '--jsx' flag is provided.
app/nbd-incoming/page.tsx(1164,77): error TS17004: Cannot use JSX unless the '--jsx' flag is provided.
app/nbd-incoming/page.tsx(1164,156): error TS17004: Cannot use JSX unless the '--jsx' flag is provided.
app/nbd-incoming/page.tsx(1165,73): error TS17004: Cannot use JSX unless the '--jsx' flag is provided.
app/nbd-incoming/page.tsx(1165,152): error TS17004: Cannot use JSX unless the '--jsx' flag is provided.
app/nbd-incoming/page.tsx(1166,76): error TS17004: Cannot use JSX unless the '--jsx' flag is provided.
app/nbd-incoming/page.tsx(1166,155): error TS17004: Cannot use JSX unless the '--jsx' flag is provided.
app/nbd-incoming/page.tsx(1167,75): error TS17004: Cannot use JSX unless the '--jsx' flag is provided.
app/nbd-incoming/page.tsx(1167,154): error TS17004: Cannot use JSX unless the '--jsx' flag is provided.
app/nbd-incoming/page.tsx(1168,76): error TS17004: Cannot use JSX unless the '--jsx' flag is provided.
app/nbd-incoming/page.tsx(1168,155): error TS17004: Cannot use JSX unless the '--jsx' flag is provided.
app/nbd-incoming/page.tsx(1169,78): error TS17004: Cannot use JSX unless the '--jsx' flag is provided.
app/nbd-incoming/page.tsx(1169,157): error TS17004: Cannot use JSX unless the '--jsx' flag is provided.
app/nbd-incoming/page.tsx(1170,81): error TS17004: Cannot use JSX unless the '--jsx' flag is provided.
app/nbd-incoming/page.tsx(1170,160): error TS17004: Cannot use JSX unless the '--jsx' flag is provided.
app/nbd-incoming/page.tsx(1171,72): error TS17004: Cannot use JSX unless the '--jsx' flag is provided.
app/nbd-incoming/page.tsx(1171,151): error TS17004: Cannot use JSX unless the '--jsx' flag is provided.
app/nbd-incoming/page.tsx(1189,33): error TS17004: Cannot use JSX unless the '--jsx' flag is provided.
app/nbd-incoming/page.tsx(1194,45): error TS17004: Cannot use JSX unless the '--jsx' flag is provided.
app/nbd-incoming/page.tsx(1199,49): error TS17004: Cannot use JSX unless the '--jsx' flag is provided.
app/nbd-incoming/page.tsx(1200,53): error TS17004: Cannot use JSX unless the '--jsx' flag is provided.
app/nbd-incoming/page.tsx(1201,57): error TS17004: Cannot use JSX unless the '--jsx' flag is provided.
app/nbd-incoming/page.tsx(1203,53): error TS17004: Cannot use JSX unless the '--jsx' flag is provided.
app/nbd-incoming/page.tsx(1204,57): error TS17004: Cannot use JSX unless the '--jsx' flag is provided.
app/nbd-incoming/page.tsx(1205,57): error TS17004: Cannot use JSX unless the '--jsx' flag is provided.
app/nbd-incoming/page.tsx(1211,37): error TS17004: Cannot use JSX unless the '--jsx' flag is provided.
app/nbd-incoming/page.tsx(1215,41): error TS17004: Cannot use JSX unless the '--jsx' flag is provided.
app/nbd-incoming/page.tsx(1216,45): error TS17004: Cannot use JSX unless the '--jsx' flag is provided.
app/nbd-incoming/page.tsx(1217,49): error TS17004: Cannot use JSX unless the '--jsx' flag is provided.
app/nbd-incoming/page.tsx(1217,139): error TS17004: Cannot use JSX unless the '--jsx' flag is provided.
app/nbd-incoming/page.tsx(1219,45): error TS17004: Cannot use JSX unless the '--jsx' flag is provided.
app/nbd-incoming/page.tsx(1220,49): error TS17004: Cannot use JSX unless the '--jsx' flag is provided.
app/nbd-incoming/page.tsx(1221,49): error TS17004: Cannot use JSX unless the '--jsx' flag is provided.
app/nbd-incoming/page.tsx(1233,21): error TS17004: Cannot use JSX unless the '--jsx' flag is provided.
app/nbd-incoming/page.tsx(1234,25): error TS17004: Cannot use JSX unless the '--jsx' flag is provided.
app/nbd-incoming/page.tsx(1237,21): error TS17004: Cannot use JSX unless the '--jsx' flag is provided.
app/nbd-incoming/page.tsx(1243,29): error TS17004: Cannot use JSX unless the '--jsx' flag is provided.
app/nbd-incoming/page.tsx(1244,33): error TS17004: Cannot use JSX unless the '--jsx' flag is provided.
app/nbd-incoming/page.tsx(1245,37): error TS17004: Cannot use JSX unless the '--jsx' flag is provided.
app/nbd-incoming/page.tsx(1247,33): error TS17004: Cannot use JSX unless the '--jsx' flag is provided.
app/nbd-incoming/page.tsx(1248,33): error TS17004: Cannot use JSX unless the '--jsx' flag is provided.
app/nbd-incoming/page.tsx(1256,29): error TS17004: Cannot use JSX unless the '--jsx' flag is provided.
app/nbd-incoming/page.tsx(1258,37): error TS17004: Cannot use JSX unless the '--jsx' flag is provided.
app/nbd-incoming/page.tsx(1261,45): error TS17004: Cannot use JSX unless the '--jsx' flag is provided.
app/nbd-incoming/page.tsx(1262,49): error TS17004: Cannot use JSX unless the '--jsx' flag is provided.
app/nbd-incoming/page.tsx(1269,53): error TS17004: Cannot use JSX unless the '--jsx' flag is provided.
app/nbd-incoming/page.tsx(1269,132): error TS17004: Cannot use JSX unless the '--jsx' flag is provided.
app/nbd-incoming/page.tsx(1271,49): error TS17004: Cannot use JSX unless the '--jsx' flag is provided.
app/nbd-incoming/page.tsx(1278,53): error TS17004: Cannot use JSX unless the '--jsx' flag is provided.
app/nbd-incoming/page.tsx(1278,132): error TS17004: Cannot use JSX unless the '--jsx' flag is provided.
app/nbd-incoming/page.tsx(1280,49): error TS17004: Cannot use JSX unless the '--jsx' flag is provided.
app/nbd-incoming/page.tsx(1281,49): error TS17004: Cannot use JSX unless the '--jsx' flag is provided.
app/nbd-incoming/page.tsx(1288,53): error TS17004: Cannot use JSX unless the '--jsx' flag is provided.
app/nbd-incoming/page.tsx(1288,132): error TS17004: Cannot use JSX unless the '--jsx' flag is provided.
app/nbd-incoming/page.tsx(1290,49): error TS17004: Cannot use JSX unless the '--jsx' flag is provided.
app/nbd-incoming/page.tsx(1297,53): error TS17004: Cannot use JSX unless the '--jsx' flag is provided.
app/nbd-incoming/page.tsx(1297,132): error TS17004: Cannot use JSX unless the '--jsx' flag is provided.
app/nbd-incoming/page.tsx(1301,41): error TS17004: Cannot use JSX unless the '--jsx' flag is provided.
app/nbd-incoming/page.tsx(1302,45): error TS17004: Cannot use JSX unless the '--jsx' flag is provided.
app/nbd-incoming/page.tsx(1303,49): error TS17004: Cannot use JSX unless the '--jsx' flag is provided.
app/nbd-incoming/page.tsx(1304,53): error TS17004: Cannot use JSX unless the '--jsx' flag is provided.
app/nbd-incoming/page.tsx(1305,57): error TS17004: Cannot use JSX unless the '--jsx' flag is provided.
app/nbd-incoming/page.tsx(1306,61): error TS17004: Cannot use JSX unless the '--jsx' flag is provided.
app/nbd-incoming/page.tsx(1307,65): error TS17004: Cannot use JSX unless the '--jsx' flag is provided.
app/nbd-incoming/page.tsx(1308,65): error TS17004: Cannot use JSX unless the '--jsx' flag is provided.
app/nbd-incoming/page.tsx(1311,57): error TS17004: Cannot use JSX unless the '--jsx' flag is provided.
app/nbd-incoming/page.tsx(1312,61): error TS17004: Cannot use JSX unless the '--jsx' flag is provided.
app/nbd-incoming/page.tsx(1313,65): error TS17004: Cannot use JSX unless the '--jsx' flag is provided.
app/nbd-incoming/page.tsx(1314,65): error TS17004: Cannot use JSX unless the '--jsx' flag is provided.
app/nbd-incoming/page.tsx(1317,57): error TS17004: Cannot use JSX unless the '--jsx' flag is provided.
app/nbd-incoming/page.tsx(1318,61): error TS17004: Cannot use JSX unless the '--jsx' flag is provided.
app/nbd-incoming/page.tsx(1319,65): error TS17004: Cannot use JSX unless the '--jsx' flag is provided.
app/nbd-incoming/page.tsx(1320,65): error TS17004: Cannot use JSX unless the '--jsx' flag is provided.
app/nbd-incoming/page.tsx(1323,57): error TS17004: Cannot use JSX unless the '--jsx' flag is provided.
app/nbd-incoming/page.tsx(1324,61): error TS17004: Cannot use JSX unless the '--jsx' flag is provided.
app/nbd-incoming/page.tsx(1325,65): error TS17004: Cannot use JSX unless the '--jsx' flag is provided.
app/nbd-incoming/page.tsx(1326,65): error TS17004: Cannot use JSX unless the '--jsx' flag is provided.
app/nbd-incoming/page.tsx(1329,57): error TS17004: Cannot use JSX unless the '--jsx' flag is provided.
app/nbd-incoming/page.tsx(1330,61): error TS17004: Cannot use JSX unless the '--jsx' flag is provided.
app/nbd-incoming/page.tsx(1331,65): error TS17004: Cannot use JSX unless the '--jsx' flag is provided.
app/nbd-incoming/page.tsx(1332,65): error TS17004: Cannot use JSX unless the '--jsx' flag is provided.
app/nbd-incoming/page.tsx(1335,57): error TS17004: Cannot use JSX unless the '--jsx' flag is provided.
app/nbd-incoming/page.tsx(1336,61): error TS17004: Cannot use JSX unless the '--jsx' flag is provided.
app/nbd-incoming/page.tsx(1337,65): error TS17004: Cannot use JSX unless the '--jsx' flag is provided.
app/nbd-incoming/page.tsx(1338,65): error TS17004: Cannot use JSX unless the '--jsx' flag is provided.
app/nbd-incoming/page.tsx(1341,57): error TS17004: Cannot use JSX unless the '--jsx' flag is provided.
app/nbd-incoming/page.tsx(1342,61): error TS17004: Cannot use JSX unless the '--jsx' flag is provided.
app/nbd-incoming/page.tsx(1343,65): error TS17004: Cannot use JSX unless the '--jsx' flag is provided.
app/nbd-incoming/page.tsx(1344,65): error TS17004: Cannot use JSX unless the '--jsx' flag is provided.
app/nbd-incoming/page.tsx(1347,57): error TS17004: Cannot use JSX unless the '--jsx' flag is provided.
app/nbd-incoming/page.tsx(1348,61): error TS17004: Cannot use JSX unless the '--jsx' flag is provided.
app/nbd-incoming/page.tsx(1349,65): error TS17004: Cannot use JSX unless the '--jsx' flag is provided.
app/nbd-incoming/page.tsx(1350,65): error TS17004: Cannot use JSX unless the '--jsx' flag is provided.
app/nbd-incoming/page.tsx(1353,57): error TS17004: Cannot use JSX unless the '--jsx' flag is provided.
app/nbd-incoming/page.tsx(1354,61): error TS17004: Cannot use JSX unless the '--jsx' flag is provided.
app/nbd-incoming/page.tsx(1355,65): error TS17004: Cannot use JSX unless the '--jsx' flag is provided.
app/nbd-incoming/page.tsx(1356,65): error TS17004: Cannot use JSX unless the '--jsx' flag is provided.
app/nbd-incoming/page.tsx(1359,57): error TS17004: Cannot use JSX unless the '--jsx' flag is provided.
app/nbd-incoming/page.tsx(1360,57): error TS17004: Cannot use JSX unless the '--jsx' flag is provided.
app/nbd-incoming/page.tsx(1363,49): error TS17004: Cannot use JSX unless the '--jsx' flag is provided.
app/nbd-incoming/page.tsx(1368,61): error TS17004: Cannot use JSX unless the '--jsx' flag is provided.
app/nbd-incoming/page.tsx(1375,65): error TS17004: Cannot use JSX unless the '--jsx' flag is provided.
app/nbd-incoming/page.tsx(1376,69): error TS17004: Cannot use JSX unless the '--jsx' flag is provided.
app/nbd-incoming/page.tsx(1378,65): error TS17004: Cannot use JSX unless the '--jsx' flag is provided.
app/nbd-incoming/page.tsx(1379,69): error TS17004: Cannot use JSX unless the '--jsx' flag is provided.
app/nbd-incoming/page.tsx(1380,73): error TS17004: Cannot use JSX unless the '--jsx' flag is provided.
app/nbd-incoming/page.tsx(1381,77): error TS17004: Cannot use JSX unless the '--jsx' flag is provided.
app/nbd-incoming/page.tsx(1382,81): error TS17004: Cannot use JSX unless the '--jsx' flag is provided.
app/nbd-incoming/page.tsx(1384,77): error TS17004: Cannot use JSX unless the '--jsx' flag is provided.
app/nbd-incoming/page.tsx(1386,73): error TS17004: Cannot use JSX unless the '--jsx' flag is provided.
app/nbd-incoming/page.tsx(1387,77): error TS17004: Cannot use JSX unless the '--jsx' flag is provided.
app/nbd-incoming/page.tsx(1388,81): error TS17004: Cannot use JSX unless the '--jsx' flag is provided.
app/nbd-incoming/page.tsx(1390,77): error TS17004: Cannot use JSX unless the '--jsx' flag is provided.
app/nbd-incoming/page.tsx(1394,65): error TS17004: Cannot use JSX unless the '--jsx' flag is provided.
app/nbd-incoming/page.tsx(1395,69): error TS17004: Cannot use JSX unless the '--jsx' flag is provided.
app/nbd-incoming/page.tsx(1400,73): error TS17004: Cannot use JSX unless the '--jsx' flag is provided.
app/nbd-incoming/page.tsx(1401,77): error TS17004: Cannot use JSX unless the '--jsx' flag is provided.
app/nbd-incoming/page.tsx(1406,65): error TS17004: Cannot use JSX unless the '--jsx' flag is provided.
app/nbd-incoming/page.tsx(1407,69): error TS17004: Cannot use JSX unless the '--jsx' flag is provided.
app/nbd-incoming/page.tsx(1408,73): error TS17004: Cannot use JSX unless the '--jsx' flag is provided.
app/nbd-incoming/page.tsx(1409,77): error TS17004: Cannot use JSX unless the '--jsx' flag is provided.
app/nbd-incoming/page.tsx(1410,81): error TS17004: Cannot use JSX unless the '--jsx' flag is provided.
app/nbd-incoming/page.tsx(1412,77): error TS17004: Cannot use JSX unless the '--jsx' flag is provided.
app/nbd-incoming/page.tsx(1414,73): error TS17004: Cannot use JSX unless the '--jsx' flag is provided.
app/nbd-incoming/page.tsx(1415,77): error TS17004: Cannot use JSX unless the '--jsx' flag is provided.
app/nbd-incoming/page.tsx(1416,81): error TS17004: Cannot use JSX unless the '--jsx' flag is provided.
app/nbd-incoming/page.tsx(1418,77): error TS17004: Cannot use JSX unless the '--jsx' flag is provided.
app/nbd-incoming/page.tsx(1420,73): error TS17004: Cannot use JSX unless the '--jsx' flag is provided.
app/nbd-incoming/page.tsx(1421,77): error TS17004: Cannot use JSX unless the '--jsx' flag is provided.
app/nbd-incoming/page.tsx(1422,81): error TS17004: Cannot use JSX unless the '--jsx' flag is provided.
app/nbd-incoming/page.tsx(1424,77): error TS17004: Cannot use JSX unless the '--jsx' flag is provided.
app/nbd-incoming/page.tsx(1428,65): error TS17004: Cannot use JSX unless the '--jsx' flag is provided.
app/nbd-incoming/page.tsx(1429,69): error TS17004: Cannot use JSX unless the '--jsx' flag is provided.
app/nbd-incoming/page.tsx(1430,73): error TS17004: Cannot use JSX unless the '--jsx' flag is provided.
app/nbd-incoming/page.tsx(1431,77): error TS17004: Cannot use JSX unless the '--jsx' flag is provided.
app/nbd-incoming/page.tsx(1432,81): error TS17004: Cannot use JSX unless the '--jsx' flag is provided.
app/nbd-incoming/page.tsx(1433,81): error TS17004: Cannot use JSX unless the '--jsx' flag is provided.
app/nbd-incoming/page.tsx(1435,77): error TS17004: Cannot use JSX unless the '--jsx' flag is provided.
app/nbd-incoming/page.tsx(1437,73): error TS17004: Cannot use JSX unless the '--jsx' flag is provided.
app/nbd-incoming/page.tsx(1438,77): error TS17004: Cannot use JSX unless the '--jsx' flag is provided.
app/nbd-incoming/page.tsx(1439,81): error TS17004: Cannot use JSX unless the '--jsx' flag is provided.
app/nbd-incoming/page.tsx(1440,81): error TS17004: Cannot use JSX unless the '--jsx' flag is provided.
app/nbd-incoming/page.tsx(1442,77): error TS17004: Cannot use JSX unless the '--jsx' flag is provided.
app/nbd-incoming/page.tsx(1446,65): error TS17004: Cannot use JSX unless the '--jsx' flag is provided.
app/nbd-incoming/page.tsx(1447,69): error TS17004: Cannot use JSX unless the '--jsx' flag is provided.
app/nbd-incoming/page.tsx(1452,73): error TS17004: Cannot use JSX unless the '--jsx' flag is provided.
app/nbd-incoming/page.tsx(1453,102): error TS17004: Cannot use JSX unless the '--jsx' flag is provided.
app/nbd-incoming/page.tsx(1454,104): error TS17004: Cannot use JSX unless the '--jsx' flag is provided.
app/nbd-incoming/page.tsx(1455,112): error TS17004: Cannot use JSX unless the '--jsx' flag is provided.
app/nbd-incoming/page.tsx(1456,117): error TS17004: Cannot use JSX unless the '--jsx' flag is provided.
app/nbd-incoming/page.tsx(1457,123): error TS17004: Cannot use JSX unless the '--jsx' flag is provided.
app/nbd-incoming/page.tsx(1458,97): error TS17004: Cannot use JSX unless the '--jsx' flag is provided.
app/nbd-incoming/page.tsx(1464,65): error TS17004: Cannot use JSX unless the '--jsx' flag is provided.
app/nbd-incoming/page.tsx(1465,65): error TS17004: Cannot use JSX unless the '--jsx' flag is provided.
app/nbd-incoming/page.tsx(1466,65): error TS17004: Cannot use JSX unless the '--jsx' flag is provided.
app/nbd-incoming/page.tsx(1470,77): error TS17004: Cannot use JSX unless the '--jsx' flag is provided.
app/nbd-incoming/page.tsx(1484,65): error TS17004: Cannot use JSX unless the '--jsx' flag is provided.
app/nbd-incoming/page.tsx(1487,65): error TS17004: Cannot use JSX unless the '--jsx' flag is provided.
app/nbd-incoming/page.tsx(1488,69): error TS17004: Cannot use JSX unless the '--jsx' flag is provided.
app/nbd-incoming/page.tsx(1489,73): error TS17004: Cannot use JSX unless the '--jsx' flag is provided.
app/nbd-incoming/page.tsx(1494,77): error TS17004: Cannot use JSX unless the '--jsx' flag is provided.
app/nbd-incoming/page.tsx(1494,156): error TS17004: Cannot use JSX unless the '--jsx' flag is provided.
app/nbd-incoming/page.tsx(1494,262): error TS17004: Cannot use JSX unless the '--jsx' flag is provided.
app/nbd-incoming/page.tsx(1496,73): error TS17004: Cannot use JSX unless the '--jsx' flag is provided.
app/nbd-incoming/page.tsx(1501,77): error TS17004: Cannot use JSX unless the '--jsx' flag is provided.
app/nbd-incoming/page.tsx(1501,156): error TS17004: Cannot use JSX unless the '--jsx' flag is provided.
app/nbd-incoming/page.tsx(1503,73): error TS17004: Cannot use JSX unless the '--jsx' flag is provided.
app/nbd-incoming/page.tsx(1508,77): error TS17004: Cannot use JSX unless the '--jsx' flag is provided.
app/nbd-incoming/page.tsx(1508,156): error TS17004: Cannot use JSX unless the '--jsx' flag is provided.
app/nbd-incoming/page.tsx(1522,37): error TS17004: Cannot use JSX unless the '--jsx' flag is provided.
app/nbd-incoming/page.tsx(1523,41): error TS17004: Cannot use JSX unless the '--jsx' flag is provided.
app/nbd-incoming/page.tsx(1528,53): error TS17004: Cannot use JSX unless the '--jsx' flag is provided.
app/nbd-incoming/page.tsx(1535,57): error TS17004: Cannot use JSX unless the '--jsx' flag is provided.
app/nbd-incoming/page.tsx(1537,61): error TS17004: Cannot use JSX unless the '--jsx' flag is provided.
app/nbd-incoming/page.tsx(1538,65): error TS17004: Cannot use JSX unless the '--jsx' flag is provided.
app/nbd-incoming/page.tsx(1539,69): error TS17004: Cannot use JSX unless the '--jsx' flag is provided.
app/nbd-incoming/page.tsx(1540,73): error TS17004: Cannot use JSX unless the '--jsx' flag is provided.
app/nbd-incoming/page.tsx(1541,77): error TS17004: Cannot use JSX unless the '--jsx' flag is provided.
app/nbd-incoming/page.tsx(1544,69): error TS17004: Cannot use JSX unless the '--jsx' flag is provided.
app/nbd-incoming/page.tsx(1545,73): error TS17004: Cannot use JSX unless the '--jsx' flag is provided.
app/nbd-incoming/page.tsx(1546,77): error TS17004: Cannot use JSX unless the '--jsx' flag is provided.
app/nbd-incoming/page.tsx(1549,77): error TS17004: Cannot use JSX unless the '--jsx' flag is provided.
app/nbd-incoming/page.tsx(1561,85): error TS17004: Cannot use JSX unless the '--jsx' flag is provided.
app/nbd-incoming/page.tsx(1575,73): error TS17004: Cannot use JSX unless the '--jsx' flag is provided.
app/nbd-incoming/page.tsx(1582,65): error TS17004: Cannot use JSX unless the '--jsx' flag is provided.
app/nbd-incoming/page.tsx(1583,69): error TS17004: Cannot use JSX unless the '--jsx' flag is provided.
app/nbd-incoming/page.tsx(1591,73): error TS17004: Cannot use JSX unless the '--jsx' flag is provided.
app/nbd-incoming/page.tsx(1592,77): error TS17004: Cannot use JSX unless the '--jsx' flag is provided.
app/nbd-incoming/page.tsx(1593,77): error TS17004: Cannot use JSX unless the '--jsx' flag is provided.
app/nbd-incoming/page.tsx(1596,69): error TS17004: Cannot use JSX unless the '--jsx' flag is provided.
app/nbd-incoming/page.tsx(1604,73): error TS17004: Cannot use JSX unless the '--jsx' flag is provided.
app/nbd-incoming/page.tsx(1605,77): error TS17004: Cannot use JSX unless the '--jsx' flag is provided.
app/nbd-incoming/page.tsx(1608,69): error TS17004: Cannot use JSX unless the '--jsx' flag is provided.
app/nbd-incoming/page.tsx(1616,73): error TS17004: Cannot use JSX unless the '--jsx' flag is provided.
app/nbd-incoming/page.tsx(1617,77): error TS17004: Cannot use JSX unless the '--jsx' flag is provided.
app/nbd-incoming/page.tsx(1624,61): error TS17004: Cannot use JSX unless the '--jsx' flag is provided.
app/nbd-incoming/page.tsx(1626,65): error TS17004: Cannot use JSX unless the '--jsx' flag is provided.
app/nbd-incoming/page.tsx(1627,69): error TS17004: Cannot use JSX unless the '--jsx' flag is provided.
app/nbd-incoming/page.tsx(1628,73): error TS17004: Cannot use JSX unless the '--jsx' flag is provided.
app/nbd-incoming/page.tsx(1629,77): error TS17004: Cannot use JSX unless the '--jsx' flag is provided.
app/nbd-incoming/page.tsx(1632,69): error TS17004: Cannot use JSX unless the '--jsx' flag is provided.
app/nbd-incoming/page.tsx(1633,73): error TS17004: Cannot use JSX unless the '--jsx' flag is provided.
app/nbd-incoming/page.tsx(1634,73): error TS17004: Cannot use JSX unless the '--jsx' flag is provided.
app/nbd-incoming/page.tsx(1639,65): error TS17004: Cannot use JSX unless the '--jsx' flag is provided.
app/nbd-incoming/page.tsx(1640,69): error TS17004: Cannot use JSX unless the '--jsx' flag is provided.
app/nbd-incoming/page.tsx(1641,73): error TS17004: Cannot use JSX unless the '--jsx' flag is provided.
app/nbd-incoming/page.tsx(1642,77): error TS17004: Cannot use JSX unless the '--jsx' flag is provided.
app/nbd-incoming/page.tsx(1645,69): error TS17004: Cannot use JSX unless the '--jsx' flag is provided.
app/nbd-incoming/page.tsx(1646,73): error TS17004: Cannot use JSX unless the '--jsx' flag is provided.
app/nbd-incoming/page.tsx(1647,73): error TS17004: Cannot use JSX unless the '--jsx' flag is provided.
app/nbd-incoming/page.tsx(1652,65): error TS17004: Cannot use JSX unless the '--jsx' flag is provided.
app/nbd-incoming/page.tsx(1653,69): error TS17004: Cannot use JSX unless the '--jsx' flag is provided.
app/nbd-incoming/page.tsx(1654,73): error TS17004: Cannot use JSX unless the '--jsx' flag is provided.
app/nbd-incoming/page.tsx(1655,77): error TS17004: Cannot use JSX unless the '--jsx' flag is provided.
app/nbd-incoming/page.tsx(1658,69): error TS17004: Cannot use JSX unless the '--jsx' flag is provided.
app/nbd-incoming/page.tsx(1659,73): error TS17004: Cannot use JSX unless the '--jsx' flag is provided.
app/nbd-incoming/page.tsx(1660,73): error TS17004: Cannot use JSX unless the '--jsx' flag is provided.
app/nbd-incoming/page.tsx(1665,65): error TS17004: Cannot use JSX unless the '--jsx' flag is provided.
app/nbd-incoming/page.tsx(1666,69): error TS17004: Cannot use JSX unless the '--jsx' flag is provided.
app/nbd-incoming/page.tsx(1667,73): error TS17004: Cannot use JSX unless the '--jsx' flag is provided.
app/nbd-incoming/page.tsx(1668,77): error TS17004: Cannot use JSX unless the '--jsx' flag is provided.
app/nbd-incoming/page.tsx(1671,69): error TS17004: Cannot use JSX unless the '--jsx' flag is provided.
app/nbd-incoming/page.tsx(1672,73): error TS17004: Cannot use JSX unless the '--jsx' flag is provided.
app/nbd-incoming/page.tsx(1673,73): error TS17004: Cannot use JSX unless the '--jsx' flag is provided.
app/nbd-incoming/page.tsx(1678,65): error TS17004: Cannot use JSX unless the '--jsx' flag is provided.
app/nbd-incoming/page.tsx(1679,69): error TS17004: Cannot use JSX unless the '--jsx' flag is provided.
app/nbd-incoming/page.tsx(1680,73): error TS17004: Cannot use JSX unless the '--jsx' flag is provided.
app/nbd-incoming/page.tsx(1681,77): error TS17004: Cannot use JSX unless the '--jsx' flag is provided.
app/nbd-incoming/page.tsx(1684,69): error TS17004: Cannot use JSX unless the '--jsx' flag is provided.
app/nbd-incoming/page.tsx(1685,73): error TS17004: Cannot use JSX unless the '--jsx' flag is provided.
app/nbd-incoming/page.tsx(1686,73): error TS17004: Cannot use JSX unless the '--jsx' flag is provided.
app/nbd-incoming/page.tsx(1691,65): error TS17004: Cannot use JSX unless the '--jsx' flag is provided.
app/nbd-incoming/page.tsx(1692,69): error TS17004: Cannot use JSX unless the '--jsx' flag is provided.
app/nbd-incoming/page.tsx(1693,73): error TS17004: Cannot use JSX unless the '--jsx' flag is provided.
app/nbd-incoming/page.tsx(1694,77): error TS17004: Cannot use JSX unless the '--jsx' flag is provided.
app/nbd-incoming/page.tsx(1695,77): error TS17004: Cannot use JSX unless the '--jsx' flag is provided.
app/nbd-incoming/page.tsx(1698,69): error TS17004: Cannot use JSX unless the '--jsx' flag is provided.
app/nbd-incoming/page.tsx(1699,73): error TS17004: Cannot use JSX unless the '--jsx' flag is provided.
app/nbd-incoming/page.tsx(1700,73): error TS17004: Cannot use JSX unless the '--jsx' flag is provided.
app/nbd-incoming/page.tsx(1705,65): error TS17004: Cannot use JSX unless the '--jsx' flag is provided.
app/nbd-incoming/page.tsx(1706,69): error TS17004: Cannot use JSX unless the '--jsx' flag is provided.
app/nbd-incoming/page.tsx(1707,73): error TS17004: Cannot use JSX unless the '--jsx' flag is provided.
app/nbd-incoming/page.tsx(1708,77): error TS17004: Cannot use JSX unless the '--jsx' flag is provided.
app/nbd-incoming/page.tsx(1709,77): error TS17004: Cannot use JSX unless the '--jsx' flag is provided.
app/nbd-incoming/page.tsx(1712,69): error TS17004: Cannot use JSX unless the '--jsx' flag is provided.
app/nbd-incoming/page.tsx(1713,73): error TS17004: Cannot use JSX unless the '--jsx' flag is provided.
app/nbd-incoming/page.tsx(1714,73): error TS17004: Cannot use JSX unless the '--jsx' flag is provided.
app/nbd-incoming/page.tsx(1719,65): error TS17004: Cannot use JSX unless the '--jsx' flag is provided.
app/nbd-incoming/page.tsx(1720,69): error TS17004: Cannot use JSX unless the '--jsx' flag is provided.
app/nbd-incoming/page.tsx(1721,73): error TS17004: Cannot use JSX unless the '--jsx' flag is provided.
app/nbd-incoming/page.tsx(1722,77): error TS17004: Cannot use JSX unless the '--jsx' flag is provided.
app/nbd-incoming/page.tsx(1725,69): error TS17004: Cannot use JSX unless the '--jsx' flag is provided.
app/nbd-incoming/page.tsx(1726,73): error TS17004: Cannot use JSX unless the '--jsx' flag is provided.
app/nbd-incoming/page.tsx(1727,73): error TS17004: Cannot use JSX unless the '--jsx' flag is provided.
app/nbd-incoming/page.tsx(1732,65): error TS17004: Cannot use JSX unless the '--jsx' flag is provided.
app/nbd-incoming/page.tsx(1733,69): error TS17004: Cannot use JSX unless the '--jsx' flag is provided.
app/nbd-incoming/page.tsx(1734,73): error TS17004: Cannot use JSX unless the '--jsx' flag is provided.
app/nbd-incoming/page.tsx(1735,77): error TS17004: Cannot use JSX unless the '--jsx' flag is provided.
app/nbd-incoming/page.tsx(1738,69): error TS17004: Cannot use JSX unless the '--jsx' flag is provided.
app/nbd-incoming/page.tsx(1739,73): error TS17004: Cannot use JSX unless the '--jsx' flag is provided.
app/nbd-incoming/page.tsx(1740,73): error TS17004: Cannot use JSX unless the '--jsx' flag is provided.
app/nbd-incoming/page.tsx(1753,37): error TS17004: Cannot use JSX unless the '--jsx' flag is provided.
app/nbd-incoming/page.tsx(1754,41): error TS17004: Cannot use JSX unless the '--jsx' flag is provided.
app/nbd-incoming/page.tsx(1756,49): error TS17004: Cannot use JSX unless the '--jsx' flag is provided.
app/nbd-incoming/page.tsx(1761,41): error TS17004: Cannot use JSX unless the '--jsx' flag is provided.
app/nbd-incoming/page.tsx(1775,63): error TS17004: Cannot use JSX unless the '--jsx' flag is provided.
app/nbd-incoming/page.tsx(1785,57): error TS17004: Cannot use JSX unless the '--jsx' flag is provided.
app/nbd-incoming/page.tsx(1795,61): error TS17004: Cannot use JSX unless the '--jsx' flag is provided.
app/nbd-incoming/page.tsx(1798,61): error TS17004: Cannot use JSX unless the '--jsx' flag is provided.
app/nbd-incoming/page.tsx(1800,69): error TS17004: Cannot use JSX unless the '--jsx' flag is provided.
app/nbd-incoming/page.tsx(1811,73): error TS17004: Cannot use JSX unless the '--jsx' flag is provided.
app/nbd-incoming/page.tsx(1812,77): error TS17004: Cannot use JSX unless the '--jsx' flag is provided.
app/nbd-incoming/page.tsx(1817,77): error TS17004: Cannot use JSX unless the '--jsx' flag is provided.
app/nbd-incoming/page.tsx(1818,81): error TS17004: Cannot use JSX unless the '--jsx' flag is provided.
app/nbd-incoming/page.tsx(1828,85): error TS17004: Cannot use JSX unless the '--jsx' flag is provided.
app/nbd-incoming/page.tsx(1828,164): error TS17004: Cannot use JSX unless the '--jsx' flag is provided.
app/nbd-incoming/page.tsx(1830,81): error TS17004: Cannot use JSX unless the '--jsx' flag is provided.
app/nbd-incoming/page.tsx(1838,85): error TS17004: Cannot use JSX unless the '--jsx' flag is provided.
app/nbd-incoming/page.tsx(1838,164): error TS17004: Cannot use JSX unless the '--jsx' flag is provided.
app/nbd-incoming/page.tsx(1844,73): error TS17004: Cannot use JSX unless the '--jsx' flag is provided.
app/nbd-incoming/page.tsx(1848,85): error TS17004: Cannot use JSX unless the '--jsx' flag is provided.
app/nbd-incoming/page.tsx(1863,69): error TS17004: Cannot use JSX unless the '--jsx' flag is provided.
app/nbd-incoming/page.tsx(1895,13): error TS17004: Cannot use JSX unless the '--jsx' flag is provided.
app/nbd-incoming/page.tsx(1897,21): error TS17004: Cannot use JSX unless the '--jsx' flag is provided.
app/nbd-incoming/page.tsx(1898,25): error TS17004: Cannot use JSX unless the '--jsx' flag is provided.
app/nbd-incoming/page.tsx(1905,25): error TS17004: Cannot use JSX unless the '--jsx' flag is provided.
app/nbd-incoming/page.tsx(1912,29): error TS17004: Cannot use JSX unless the '--jsx' flag is provided.
app/nbd-incoming/page.tsx(1913,33): error TS17004: Cannot use JSX unless the '--jsx' flag is provided.
app/nbd-incoming/page.tsx(1914,33): error TS17004: Cannot use JSX unless the '--jsx' flag is provided.
app/nbd-incoming/page.tsx(1918,37): error TS17004: Cannot use JSX unless the '--jsx' flag is provided.
app/nbd-incoming/page.tsx(1919,41): error TS17004: Cannot use JSX unless the '--jsx' flag is provided.
app/nbd-incoming/page.tsx(1925,29): error TS17004: Cannot use JSX unless the '--jsx' flag is provided.
app/nbd-incoming/page.tsx(1926,33): error TS17004: Cannot use JSX unless the '--jsx' flag is provided.
app/nbd-incoming/page.tsx(1927,37): error TS17004: Cannot use JSX unless the '--jsx' flag is provided.
app/nbd-incoming/page.tsx(1928,41): error TS17004: Cannot use JSX unless the '--jsx' flag is provided.
app/nbd-incoming/page.tsx(1935,41): error TS17004: Cannot use JSX unless the '--jsx' flag is provided.
app/nbd-incoming/page.tsx(1942,41): error TS17004: Cannot use JSX unless the '--jsx' flag is provided.
app/nbd-incoming/page.tsx(1951,37): error TS17004: Cannot use JSX unless the '--jsx' flag is provided.
app/nbd-incoming/page.tsx(1952,41): error TS17004: Cannot use JSX unless the '--jsx' flag is provided.
app/nbd-incoming/page.tsx(1959,41): error TS17004: Cannot use JSX unless the '--jsx' flag is provided.
app/nbd-incoming/page.tsx(1966,41): error TS17004: Cannot use JSX unless the '--jsx' flag is provided.
app/nbd-incoming/page.tsx(1978,33): error TS17004: Cannot use JSX unless the '--jsx' flag is provided.
app/nbd-incoming/page.tsx(1979,37): error TS17004: Cannot use JSX unless the '--jsx' flag is provided.
app/nbd-incoming/page.tsx(1981,41): error TS17004: Cannot use JSX unless the '--jsx' flag is provided.
app/nbd-incoming/page.tsx(1982,45): error TS17004: Cannot use JSX unless the '--jsx' flag is provided.
app/nbd-incoming/page.tsx(1983,45): error TS17004: Cannot use JSX unless the '--jsx' flag is provided.
app/nbd-incoming/page.tsx(1985,53): error TS17004: Cannot use JSX unless the '--jsx' flag is provided.
app/nbd-incoming/page.tsx(2004,41): error TS17004: Cannot use JSX unless the '--jsx' flag is provided.
app/nbd-incoming/page.tsx(2005,45): error TS17004: Cannot use JSX unless the '--jsx' flag is provided.
app/nbd-incoming/page.tsx(2006,45): error TS17004: Cannot use JSX unless the '--jsx' flag is provided.
app/nbd-incoming/page.tsx(2008,53): error TS17004: Cannot use JSX unless the '--jsx' flag is provided.
app/nbd-incoming/page.tsx(2030,33): error TS17004: Cannot use JSX unless the '--jsx' flag is provided.
app/nbd-incoming/page.tsx(2031,37): error TS17004: Cannot use JSX unless the '--jsx' flag is provided.
app/nbd-incoming/page.tsx(2032,41): error TS17004: Cannot use JSX unless the '--jsx' flag is provided.
app/nbd-incoming/page.tsx(2033,45): error TS17004: Cannot use JSX unless the '--jsx' flag is provided.
app/nbd-incoming/page.tsx(2034,49): error TS17004: Cannot use JSX unless the '--jsx' flag is provided.
app/nbd-incoming/page.tsx(2039,37): error TS17004: Cannot use JSX unless the '--jsx' flag is provided.
app/nbd-incoming/page.tsx(2048,29): error TS17004: Cannot use JSX unless the '--jsx' flag is provided.
app/nbd-incoming/page.tsx(2049,33): error TS17004: Cannot use JSX unless the '--jsx' flag is provided.
app/nbd-incoming/page.tsx(2074,33): error TS17004: Cannot use JSX unless the '--jsx' flag is provided.
app/nbd-incoming/page.tsx(2089,13): error TS17004: Cannot use JSX unless the '--jsx' flag is provided.
app/nbd-incoming/page.tsx(2091,21): error TS17004: Cannot use JSX unless the '--jsx' flag is provided.
app/nbd-incoming/page.tsx(2093,25): error TS17004: Cannot use JSX unless the '--jsx' flag is provided.
app/nbd-incoming/page.tsx(2102,25): error TS17004: Cannot use JSX unless the '--jsx' flag is provided.
app/nbd-incoming/page.tsx(2110,29): error TS17004: Cannot use JSX unless the '--jsx' flag is provided.
app/nbd-incoming/page.tsx(2111,33): error TS17004: Cannot use JSX unless the '--jsx' flag is provided.
app/nbd-incoming/page.tsx(2112,37): error TS17004: Cannot use JSX unless the '--jsx' flag is provided.
app/nbd-incoming/page.tsx(2113,37): error TS17004: Cannot use JSX unless the '--jsx' flag is provided.
app/nbd-incoming/page.tsx(2117,41): error TS17004: Cannot use JSX unless the '--jsx' flag is provided.
app/nbd-incoming/page.tsx(2118,45): error TS17004: Cannot use JSX unless the '--jsx' flag is provided.
app/nbd-incoming/page.tsx(2122,33): error TS17004: Cannot use JSX unless the '--jsx' flag is provided.
app/nbd-incoming/page.tsx(2126,29): error TS17004: Cannot use JSX unless the '--jsx' flag is provided.
app/nbd-incoming/page.tsx(2128,33): error TS17004: Cannot use JSX unless the '--jsx' flag is provided.
app/nbd-incoming/page.tsx(2129,37): error TS17004: Cannot use JSX unless the '--jsx' flag is provided.
app/nbd-incoming/page.tsx(2130,41): error TS17004: Cannot use JSX unless the '--jsx' flag is provided.
app/nbd-incoming/page.tsx(2131,45): error TS17004: Cannot use JSX unless the '--jsx' flag is provided.
app/nbd-incoming/page.tsx(2135,37): error TS17004: Cannot use JSX unless the '--jsx' flag is provided.
app/nbd-incoming/page.tsx(2136,41): error TS17004: Cannot use JSX unless the '--jsx' flag is provided.
app/nbd-incoming/page.tsx(2137,45): error TS17004: Cannot use JSX unless the '--jsx' flag is provided.
app/nbd-incoming/page.tsx(2138,49): error TS17004: Cannot use JSX unless the '--jsx' flag is provided.
app/nbd-incoming/page.tsx(2139,53): error TS17004: Cannot use JSX unless the '--jsx' flag is provided.
app/nbd-incoming/page.tsx(2140,57): error TS17004: Cannot use JSX unless the '--jsx' flag is provided.
app/nbd-incoming/page.tsx(2143,49): error TS17004: Cannot use JSX unless the '--jsx' flag is provided.
app/nbd-incoming/page.tsx(2144,53): error TS17004: Cannot use JSX unless the '--jsx' flag is provided.
app/nbd-incoming/page.tsx(2145,53): error TS17004: Cannot use JSX unless the '--jsx' flag is provided.
app/nbd-incoming/page.tsx(2148,45): error TS17004: Cannot use JSX unless the '--jsx' flag is provided.
app/nbd-incoming/page.tsx(2149,49): error TS17004: Cannot use JSX unless the '--jsx' flag is provided.
app/nbd-incoming/page.tsx(2150,53): error TS17004: Cannot use JSX unless the '--jsx' flag is provided.
app/nbd-incoming/page.tsx(2151,57): error TS17004: Cannot use JSX unless the '--jsx' flag is provided.
app/nbd-incoming/page.tsx(2154,49): error TS17004: Cannot use JSX unless the '--jsx' flag is provided.
app/nbd-incoming/page.tsx(2155,53): error TS17004: Cannot use JSX unless the '--jsx' flag is provided.
app/nbd-incoming/page.tsx(2156,53): error TS17004: Cannot use JSX unless the '--jsx' flag is provided.
app/nbd-incoming/page.tsx(2159,45): error TS17004: Cannot use JSX unless the '--jsx' flag is provided.
app/nbd-incoming/page.tsx(2160,49): error TS17004: Cannot use JSX unless the '--jsx' flag is provided.
app/nbd-incoming/page.tsx(2161,53): error TS17004: Cannot use JSX unless the '--jsx' flag is provided.
app/nbd-incoming/page.tsx(2162,57): error TS17004: Cannot use JSX unless the '--jsx' flag is provided.
app/nbd-incoming/page.tsx(2165,49): error TS17004: Cannot use JSX unless the '--jsx' flag is provided.
app/nbd-incoming/page.tsx(2166,53): error TS17004: Cannot use JSX unless the '--jsx' flag is provided.
app/nbd-incoming/page.tsx(2167,53): error TS17004: Cannot use JSX unless the '--jsx' flag is provided.
app/nbd-incoming/page.tsx(2170,45): error TS17004: Cannot use JSX unless the '--jsx' flag is provided.
app/nbd-incoming/page.tsx(2171,49): error TS17004: Cannot use JSX unless the '--jsx' flag is provided.
app/nbd-incoming/page.tsx(2172,53): error TS17004: Cannot use JSX unless the '--jsx' flag is provided.
app/nbd-incoming/page.tsx(2173,57): error TS17004: Cannot use JSX unless the '--jsx' flag is provided.
app/nbd-incoming/page.tsx(2176,49): error TS17004: Cannot use JSX unless the '--jsx' flag is provided.
app/nbd-incoming/page.tsx(2177,53): error TS17004: Cannot use JSX unless the '--jsx' flag is provided.
app/nbd-incoming/page.tsx(2178,53): error TS17004: Cannot use JSX unless the '--jsx' flag is provided.
app/nbd-incoming/page.tsx(2184,41): error TS17004: Cannot use JSX unless the '--jsx' flag is provided.
app/nbd-incoming/page.tsx(2185,45): error TS17004: Cannot use JSX unless the '--jsx' flag is provided.
app/nbd-incoming/page.tsx(2186,49): error TS17004: Cannot use JSX unless the '--jsx' flag is provided.
app/nbd-incoming/page.tsx(2187,53): error TS17004: Cannot use JSX unless the '--jsx' flag is provided.
app/nbd-incoming/page.tsx(2188,57): error TS17004: Cannot use JSX unless the '--jsx' flag is provided.
app/nbd-incoming/page.tsx(2191,49): error TS17004: Cannot use JSX unless the '--jsx' flag is provided.
app/nbd-incoming/page.tsx(2192,53): error TS17004: Cannot use JSX unless the '--jsx' flag is provided.
app/nbd-incoming/page.tsx(2193,53): error TS17004: Cannot use JSX unless the '--jsx' flag is provided.
app/nbd-incoming/page.tsx(2196,45): error TS17004: Cannot use JSX unless the '--jsx' flag is provided.
app/nbd-incoming/page.tsx(2197,49): error TS17004: Cannot use JSX unless the '--jsx' flag is provided.
app/nbd-incoming/page.tsx(2198,53): error TS17004: Cannot use JSX unless the '--jsx' flag is provided.
app/nbd-incoming/page.tsx(2199,57): error TS17004: Cannot use JSX unless the '--jsx' flag is provided.
app/nbd-incoming/page.tsx(2202,49): error TS17004: Cannot use JSX unless the '--jsx' flag is provided.
app/nbd-incoming/page.tsx(2203,53): error TS17004: Cannot use JSX unless the '--jsx' flag is provided.
app/nbd-incoming/page.tsx(2204,53): error TS17004: Cannot use JSX unless the '--jsx' flag is provided.
app/nbd-incoming/page.tsx(2210,41): error TS17004: Cannot use JSX unless the '--jsx' flag is provided.
app/nbd-incoming/page.tsx(2211,45): error TS17004: Cannot use JSX unless the '--jsx' flag is provided.
app/nbd-incoming/page.tsx(2212,49): error TS17004: Cannot use JSX unless the '--jsx' flag is provided.
app/nbd-incoming/page.tsx(2213,53): error TS17004: Cannot use JSX unless the '--jsx' flag is provided.
app/nbd-incoming/page.tsx(2214,57): error TS17004: Cannot use JSX unless the '--jsx' flag is provided.
app/nbd-incoming/page.tsx(2217,49): error TS17004: Cannot use JSX unless the '--jsx' flag is provided.
app/nbd-incoming/page.tsx(2218,53): error TS17004: Cannot use JSX unless the '--jsx' flag is provided.
app/nbd-incoming/page.tsx(2219,53): error TS17004: Cannot use JSX unless the '--jsx' flag is provided.
app/nbd-incoming/page.tsx(2222,45): error TS17004: Cannot use JSX unless the '--jsx' flag is provided.
app/nbd-incoming/page.tsx(2223,49): error TS17004: Cannot use JSX unless the '--jsx' flag is provided.
app/nbd-incoming/page.tsx(2224,53): error TS17004: Cannot use JSX unless the '--jsx' flag is provided.
app/nbd-incoming/page.tsx(2225,57): error TS17004: Cannot use JSX unless the '--jsx' flag is provided.
app/nbd-incoming/page.tsx(2228,49): error TS17004: Cannot use JSX unless the '--jsx' flag is provided.
app/nbd-incoming/page.tsx(2229,53): error TS17004: Cannot use JSX unless the '--jsx' flag is provided.
app/nbd-incoming/page.tsx(2230,53): error TS17004: Cannot use JSX unless the '--jsx' flag is provided.
app/nbd-incoming/page.tsx(2236,41): error TS17004: Cannot use JSX unless the '--jsx' flag is provided.
app/nbd-incoming/page.tsx(2237,45): error TS17004: Cannot use JSX unless the '--jsx' flag is provided.
app/nbd-incoming/page.tsx(2238,49): error TS17004: Cannot use JSX unless the '--jsx' flag is provided.
app/nbd-incoming/page.tsx(2239,53): error TS17004: Cannot use JSX unless the '--jsx' flag is provided.
app/nbd-incoming/page.tsx(2240,57): error TS17004: Cannot use JSX unless the '--jsx' flag is provided.
app/nbd-incoming/page.tsx(2243,49): error TS17004: Cannot use JSX unless the '--jsx' flag is provided.
app/nbd-incoming/page.tsx(2244,53): error TS17004: Cannot use JSX unless the '--jsx' flag is provided.
app/nbd-incoming/page.tsx(2245,53): error TS17004: Cannot use JSX unless the '--jsx' flag is provided.
app/nbd-incoming/page.tsx(2248,45): error TS17004: Cannot use JSX unless the '--jsx' flag is provided.
app/nbd-incoming/page.tsx(2249,49): error TS17004: Cannot use JSX unless the '--jsx' flag is provided.
app/nbd-incoming/page.tsx(2250,53): error TS17004: Cannot use JSX unless the '--jsx' flag is provided.
app/nbd-incoming/page.tsx(2251,57): error TS17004: Cannot use JSX unless the '--jsx' flag is provided.
app/nbd-incoming/page.tsx(2254,49): error TS17004: Cannot use JSX unless the '--jsx' flag is provided.
app/nbd-incoming/page.tsx(2255,53): error TS17004: Cannot use JSX unless the '--jsx' flag is provided.
app/nbd-incoming/page.tsx(2256,53): error TS17004: Cannot use JSX unless the '--jsx' flag is provided.
app/nbd-incoming/page.tsx(2259,45): error TS17004: Cannot use JSX unless the '--jsx' flag is provided.
app/nbd-incoming/page.tsx(2260,49): error TS17004: Cannot use JSX unless the '--jsx' flag is provided.
app/nbd-incoming/page.tsx(2261,53): error TS17004: Cannot use JSX unless the '--jsx' flag is provided.
app/nbd-incoming/page.tsx(2262,57): error TS17004: Cannot use JSX unless the '--jsx' flag is provided.
app/nbd-incoming/page.tsx(2265,49): error TS17004: Cannot use JSX unless the '--jsx' flag is provided.
app/nbd-incoming/page.tsx(2266,53): error TS17004: Cannot use JSX unless the '--jsx' flag is provided.
app/nbd-incoming/page.tsx(2267,53): error TS17004: Cannot use JSX unless the '--jsx' flag is provided.
app/nbd-incoming/page.tsx(2272,41): error TS17004: Cannot use JSX unless the '--jsx' flag is provided.
app/nbd-incoming/page.tsx(2273,45): error TS17004: Cannot use JSX unless the '--jsx' flag is provided.
app/nbd-incoming/page.tsx(2274,49): error TS17004: Cannot use JSX unless the '--jsx' flag is provided.
app/nbd-incoming/page.tsx(2275,53): error TS17004: Cannot use JSX unless the '--jsx' flag is provided.
app/nbd-incoming/page.tsx(2276,57): error TS17004: Cannot use JSX unless the '--jsx' flag is provided.
app/nbd-incoming/page.tsx(2279,49): error TS17004: Cannot use JSX unless the '--jsx' flag is provided.
app/nbd-incoming/page.tsx(2280,53): error TS17004: Cannot use JSX unless the '--jsx' flag is provided.
app/nbd-incoming/page.tsx(2281,53): error TS17004: Cannot use JSX unless the '--jsx' flag is provided.
app/nbd-incoming/page.tsx(2287,41): error TS17004: Cannot use JSX unless the '--jsx' flag is provided.
app/nbd-incoming/page.tsx(2288,45): error TS17004: Cannot use JSX unless the '--jsx' flag is provided.
app/nbd-incoming/page.tsx(2289,49): error TS17004: Cannot use JSX unless the '--jsx' flag is provided.
app/nbd-incoming/page.tsx(2290,53): error TS17004: Cannot use JSX unless the '--jsx' flag is provided.
app/nbd-incoming/page.tsx(2291,57): error TS17004: Cannot use JSX unless the '--jsx' flag is provided.
app/nbd-incoming/page.tsx(2294,49): error TS17004: Cannot use JSX unless the '--jsx' flag is provided.
app/nbd-incoming/page.tsx(2295,53): error TS17004: Cannot use JSX unless the '--jsx' flag is provided.
app/nbd-incoming/page.tsx(2296,53): error TS17004: Cannot use JSX unless the '--jsx' flag is provided.
app/nbd-incoming/page.tsx(2299,45): error TS17004: Cannot use JSX unless the '--jsx' flag is provided.
app/nbd-incoming/page.tsx(2300,49): error TS17004: Cannot use JSX unless the '--jsx' flag is provided.
app/nbd-incoming/page.tsx(2301,53): error TS17004: Cannot use JSX unless the '--jsx' flag is provided.
app/nbd-incoming/page.tsx(2302,57): error TS17004: Cannot use JSX unless the '--jsx' flag is provided.
app/nbd-incoming/page.tsx(2305,49): error TS17004: Cannot use JSX unless the '--jsx' flag is provided.
app/nbd-incoming/page.tsx(2306,53): error TS17004: Cannot use JSX unless the '--jsx' flag is provided.
app/nbd-incoming/page.tsx(2307,53): error TS17004: Cannot use JSX unless the '--jsx' flag is provided.
app/nbd-incoming/page.tsx(2315,33): error TS17004: Cannot use JSX unless the '--jsx' flag is provided.
app/nbd-incoming/page.tsx(2316,37): error TS17004: Cannot use JSX unless the '--jsx' flag is provided.
app/nbd-incoming/page.tsx(2317,41): error TS17004: Cannot use JSX unless the '--jsx' flag is provided.
app/nbd-incoming/page.tsx(2318,45): error TS17004: Cannot use JSX unless the '--jsx' flag is provided.
app/nbd-incoming/page.tsx(2322,37): error TS17004: Cannot use JSX unless the '--jsx' flag is provided.
app/nbd-incoming/page.tsx(2324,41): error TS17004: Cannot use JSX unless the '--jsx' flag is provided.
app/nbd-incoming/page.tsx(2331,49): error TS17004: Cannot use JSX unless the '--jsx' flag is provided.
app/nbd-incoming/page.tsx(2347,53): error TS17004: Cannot use JSX unless the '--jsx' flag is provided.
app/nbd-incoming/page.tsx(2348,57): error TS17004: Cannot use JSX unless the '--jsx' flag is provided.
app/nbd-incoming/page.tsx(2350,53): error TS17004: Cannot use JSX unless the '--jsx' flag is provided.
app/nbd-incoming/page.tsx(2356,41): error TS17004: Cannot use JSX unless the '--jsx' flag is provided.
app/nbd-incoming/page.tsx(2358,49): error TS17004: Cannot use JSX unless the '--jsx' flag is provided.
app/nbd-incoming/page.tsx(2364,53): error TS17004: Cannot use JSX unless the '--jsx' flag is provided.
app/nbd-incoming/page.tsx(2365,57): error TS17004: Cannot use JSX unless the '--jsx' flag is provided.
app/nbd-incoming/page.tsx(2366,57): error TS17004: Cannot use JSX unless the '--jsx' flag is provided.
app/nbd-incoming/page.tsx(2371,61): error TS17004: Cannot use JSX unless the '--jsx' flag is provided.
app/nbd-incoming/page.tsx(2372,65): error TS17004: Cannot use JSX unless the '--jsx' flag is provided.
app/nbd-incoming/page.tsx(2377,53): error TS17004: Cannot use JSX unless the '--jsx' flag is provided.
app/nbd-incoming/page.tsx(2379,61): error TS17004: Cannot use JSX unless the '--jsx' flag is provided.
app/nbd-incoming/page.tsx(2380,65): error TS17004: Cannot use JSX unless the '--jsx' flag is provided.
app/nbd-incoming/page.tsx(2381,69): error TS17004: Cannot use JSX unless the '--jsx' flag is provided.
app/nbd-incoming/page.tsx(2389,65): error TS17004: Cannot use JSX unless the '--jsx' flag is provided.
app/nbd-incoming/page.tsx(2390,69): error TS17004: Cannot use JSX unless the '--jsx' flag is provided.
app/nbd-incoming/page.tsx(2398,65): error TS17004: Cannot use JSX unless the '--jsx' flag is provided.
app/nbd-incoming/page.tsx(2405,69): error TS17004: Cannot use JSX unless the '--jsx' flag is provided.
app/nbd-incoming/page.tsx(2406,73): error TS17004: Cannot use JSX unless the '--jsx' flag is provided.
app/nbd-incoming/page.tsx(2417,41): error TS17004: Cannot use JSX unless the '--jsx' flag is provided.
app/nbd-incoming/page.tsx(2419,49): error TS17004: Cannot use JSX unless the '--jsx' flag is provided.
app/nbd-incoming/page.tsx(2424,53): error TS17004: Cannot use JSX unless the '--jsx' flag is provided.
app/nbd-incoming/page.tsx(2425,53): error TS17004: Cannot use JSX unless the '--jsx' flag is provided.
app/nbd-incoming/page.tsx(2436,41): error TS17004: Cannot use JSX unless the '--jsx' flag is provided.
app/nbd-incoming/page.tsx(2437,45): error TS17004: Cannot use JSX unless the '--jsx' flag is provided.
app/nbd-incoming/page.tsx(2438,45): error TS17004: Cannot use JSX unless the '--jsx' flag is provided.
app/nbd-incoming/page.tsx(2446,53): error TS17004: Cannot use JSX unless the '--jsx' flag is provided.
app/nbd-incoming/page.tsx(2463,41): error TS17004: Cannot use JSX unless the '--jsx' flag is provided.
app/nbd-incoming/page.tsx(2464,45): error TS17004: Cannot use JSX unless the '--jsx' flag is provided.
app/nbd-incoming/page.tsx(2465,45): error TS17004: Cannot use JSX unless the '--jsx' flag is provided.
app/nbd-incoming/page.tsx(2477,33): error TS17004: Cannot use JSX unless the '--jsx' flag is provided.
app/nbd-incoming/page.tsx(2478,37): error TS17004: Cannot use JSX unless the '--jsx' flag is provided.
app/nbd-incoming/page.tsx(2479,41): error TS17004: Cannot use JSX unless the '--jsx' flag is provided.
app/nbd-incoming/page.tsx(2586,41): error TS17004: Cannot use JSX unless the '--jsx' flag is provided.
app/nbd-incoming/page.tsx(2636,37): error TS17004: Cannot use JSX unless the '--jsx' flag is provided.
app/nbd-incoming/page.tsx(2637,41): error TS17004: Cannot use JSX unless the '--jsx' flag is provided.
app/nbd-incoming/page.tsx(2647,13): error TS17004: Cannot use JSX unless the '--jsx' flag is provided.
app/nbd-incoming/page.tsx(2649,21): error TS17004: Cannot use JSX unless the '--jsx' flag is provided.
app/nbd-incoming/page.tsx(2650,25): error TS17004: Cannot use JSX unless the '--jsx' flag is provided.
app/nbd-incoming/page.tsx(2657,25): error TS17004: Cannot use JSX unless the '--jsx' flag is provided.
app/nbd-incoming/page.tsx(2663,29): error TS17004: Cannot use JSX unless the '--jsx' flag is provided.
app/nbd-incoming/page.tsx(2668,33): error TS17004: Cannot use JSX unless the '--jsx' flag is provided.
app/nbd-incoming/page.tsx(2669,37): error TS17004: Cannot use JSX unless the '--jsx' flag is provided.
app/nbd-incoming/page.tsx(2670,41): error TS17004: Cannot use JSX unless the '--jsx' flag is provided.
app/nbd-incoming/page.tsx(2673,41): error TS17004: Cannot use JSX unless the '--jsx' flag is provided.
app/nbd-incoming/page.tsx(2677,45): error TS17004: Cannot use JSX unless the '--jsx' flag is provided.
app/nbd-incoming/page.tsx(2678,49): error TS17004: Cannot use JSX unless the '--jsx' flag is provided.
app/nbd-incoming/page.tsx(2685,33): error TS17004: Cannot use JSX unless the '--jsx' flag is provided.
app/nbd-incoming/page.tsx(2687,37): error TS17004: Cannot use JSX unless the '--jsx' flag is provided.
app/nbd-incoming/page.tsx(2693,41): error TS17004: Cannot use JSX unless the '--jsx' flag is provided.
app/nbd-incoming/page.tsx(2694,45): error TS17004: Cannot use JSX unless the '--jsx' flag is provided.
app/nbd-incoming/page.tsx(2695,60): error TS17004: Cannot use JSX unless the '--jsx' flag is provided.
app/nbd-incoming/page.tsx(2697,45): error TS17004: Cannot use JSX unless the '--jsx' flag is provided.
app/nbd-incoming/page.tsx(2706,41): error TS17004: Cannot use JSX unless the '--jsx' flag is provided.
app/nbd-incoming/page.tsx(2707,45): error TS17004: Cannot use JSX unless the '--jsx' flag is provided.
app/nbd-incoming/page.tsx(2708,45): error TS17004: Cannot use JSX unless the '--jsx' flag is provided.
app/nbd-incoming/page.tsx(2713,49): error TS17004: Cannot use JSX unless the '--jsx' flag is provided.
app/nbd-incoming/page.tsx(2715,53): error TS17004: Cannot use JSX unless the '--jsx' flag is provided.
app/nbd-incoming/page.tsx(2719,41): error TS17004: Cannot use JSX unless the '--jsx' flag is provided.
app/nbd-incoming/page.tsx(2720,45): error TS17004: Cannot use JSX unless the '--jsx' flag is provided.
app/nbd-incoming/page.tsx(2721,45): error TS17004: Cannot use JSX unless the '--jsx' flag is provided.
app/nbd-incoming/page.tsx(2732,37): error TS17004: Cannot use JSX unless the '--jsx' flag is provided.
app/nbd-incoming/page.tsx(2738,41): error TS17004: Cannot use JSX unless the '--jsx' flag is provided.
app/nbd-incoming/page.tsx(2739,45): error TS17004: Cannot use JSX unless the '--jsx' flag is provided.
app/nbd-incoming/page.tsx(2740,45): error TS17004: Cannot use JSX unless the '--jsx' flag is provided.
app/nbd-incoming/page.tsx(2748,41): error TS17004: Cannot use JSX unless the '--jsx' flag is provided.
app/nbd-incoming/page.tsx(2749,45): error TS17004: Cannot use JSX unless the '--jsx' flag is provided.
app/nbd-incoming/page.tsx(2750,45): error TS17004: Cannot use JSX unless the '--jsx' flag is provided.
app/nbd-incoming/page.tsx(2758,41): error TS17004: Cannot use JSX unless the '--jsx' flag is provided.
app/nbd-incoming/page.tsx(2759,45): error TS17004: Cannot use JSX unless the '--jsx' flag is provided.
app/nbd-incoming/page.tsx(2760,45): error TS17004: Cannot use JSX unless the '--jsx' flag is provided.
app/nbd-incoming/page.tsx(2771,37): error TS17004: Cannot use JSX unless the '--jsx' flag is provided.
app/nbd-incoming/page.tsx(2777,41): error TS17004: Cannot use JSX unless the '--jsx' flag is provided.
app/nbd-incoming/page.tsx(2778,45): error TS17004: Cannot use JSX unless the '--jsx' flag is provided.
app/nbd-incoming/page.tsx(2779,45): error TS17004: Cannot use JSX unless the '--jsx' flag is provided.
app/nbd-incoming/page.tsx(2787,41): error TS17004: Cannot use JSX unless the '--jsx' flag is provided.
app/nbd-incoming/page.tsx(2788,45): error TS17004: Cannot use JSX unless the '--jsx' flag is provided.
app/nbd-incoming/page.tsx(2789,45): error TS17004: Cannot use JSX unless the '--jsx' flag is provided.
app/nbd-incoming/page.tsx(2797,41): error TS17004: Cannot use JSX unless the '--jsx' flag is provided.
app/nbd-incoming/page.tsx(2798,45): error TS17004: Cannot use JSX unless the '--jsx' flag is provided.
app/nbd-incoming/page.tsx(2799,45): error TS17004: Cannot use JSX unless the '--jsx' flag is provided.
app/nbd-incoming/page.tsx(2804,49): error TS17004: Cannot use JSX unless the '--jsx' flag is provided.
app/nbd-incoming/page.tsx(2806,53): error TS17004: Cannot use JSX unless the '--jsx' flag is provided.
app/nbd-incoming/page.tsx(2813,37): error TS17004: Cannot use JSX unless the '--jsx' flag is provided.
app/nbd-incoming/page.tsx(2819,41): error TS17004: Cannot use JSX unless the '--jsx' flag is provided.
app/nbd-incoming/page.tsx(2820,45): error TS17004: Cannot use JSX unless the '--jsx' flag is provided.
app/nbd-incoming/page.tsx(2821,45): error TS17004: Cannot use JSX unless the '--jsx' flag is provided.
app/nbd-incoming/page.tsx(2829,41): error TS17004: Cannot use JSX unless the '--jsx' flag is provided.
app/nbd-incoming/page.tsx(2830,45): error TS17004: Cannot use JSX unless the '--jsx' flag is provided.
app/nbd-incoming/page.tsx(2831,45): error TS17004: Cannot use JSX unless the '--jsx' flag is provided.
app/nbd-incoming/page.tsx(2839,41): error TS17004: Cannot use JSX unless the '--jsx' flag is provided.
app/nbd-incoming/page.tsx(2840,45): error TS17004: Cannot use JSX unless the '--jsx' flag is provided.
app/nbd-incoming/page.tsx(2841,45): error TS17004: Cannot use JSX unless the '--jsx' flag is provided.
app/nbd-incoming/page.tsx(2853,49): error TS17004: Cannot use JSX unless the '--jsx' flag is provided.
app/nbd-incoming/page.tsx(2865,65): error TS17004: Cannot use JSX unless the '--jsx' flag is provided.
app/nbd-incoming/page.tsx(2879,57): error TS17004: Cannot use JSX unless the '--jsx' flag is provided.
app/nbd-incoming/page.tsx(2892,37): error TS17004: Cannot use JSX unless the '--jsx' flag is provided.
app/nbd-incoming/page.tsx(2897,41): error TS17004: Cannot use JSX unless the '--jsx' flag is provided.
app/nbd-incoming/page.tsx(2898,41): error TS17004: Cannot use JSX unless the '--jsx' flag is provided.
app/nbd-incoming/page.tsx(2908,37): error TS17004: Cannot use JSX unless the '--jsx' flag is provided.
app/nbd-incoming/page.tsx(2914,41): error TS17004: Cannot use JSX unless the '--jsx' flag is provided.
app/nbd-incoming/page.tsx(2920,41): error TS17004: Cannot use JSX unless the '--jsx' flag is provided.
app/nbd-incoming/page.tsx(2936,13): error TS17004: Cannot use JSX unless the '--jsx' flag is provided.
app/nbd-incoming/page.tsx(2938,21): error TS17004: Cannot use JSX unless the '--jsx' flag is provided.
app/nbd-incoming/page.tsx(2939,25): error TS17004: Cannot use JSX unless the '--jsx' flag is provided.
app/nbd-incoming/page.tsx(2949,25): error TS17004: Cannot use JSX unless the '--jsx' flag is provided.
app/nbd-incoming/page.tsx(2955,29): error TS17004: Cannot use JSX unless the '--jsx' flag is provided.
app/nbd-incoming/page.tsx(2959,33): error TS17004: Cannot use JSX unless the '--jsx' flag is provided.
app/nbd-incoming/page.tsx(2961,37): error TS17004: Cannot use JSX unless the '--jsx' flag is provided.
app/nbd-incoming/page.tsx(2962,41): error TS17004: Cannot use JSX unless the '--jsx' flag is provided.
app/nbd-incoming/page.tsx(2963,45): error TS17004: Cannot use JSX unless the '--jsx' flag is provided.
app/nbd-incoming/page.tsx(2964,49): error TS17004: Cannot use JSX unless the '--jsx' flag is provided.
app/nbd-incoming/page.tsx(2967,41): error TS17004: Cannot use JSX unless the '--jsx' flag is provided.
app/nbd-incoming/page.tsx(2968,45): error TS17004: Cannot use JSX unless the '--jsx' flag is provided.
app/nbd-incoming/page.tsx(2969,45): error TS17004: Cannot use JSX unless the '--jsx' flag is provided.
app/nbd-incoming/page.tsx(2974,37): error TS17004: Cannot use JSX unless the '--jsx' flag is provided.
app/nbd-incoming/page.tsx(2977,37): error TS17004: Cannot use JSX unless the '--jsx' flag is provided.
app/nbd-incoming/page.tsx(2978,41): error TS17004: Cannot use JSX unless the '--jsx' flag is provided.
app/nbd-incoming/page.tsx(2989,41): error TS17004: Cannot use JSX unless the '--jsx' flag is provided.
app/nbd-incoming/page.tsx(3006,13): error TS17004: Cannot use JSX unless the '--jsx' flag is provided.
app/nbd-incoming/page.tsx(3008,21): error TS17004: Cannot use JSX unless the '--jsx' flag is provided.
app/nbd-incoming/page.tsx(3012,25): error TS17004: Cannot use JSX unless the '--jsx' flag is provided.
app/nbd-incoming/page.tsx(3019,29): error TS17004: Cannot use JSX unless the '--jsx' flag is provided.
app/nbd-incoming/page.tsx(3020,29): error TS17004: Cannot use JSX unless the '--jsx' flag is provided.
app/nbd-incoming/page.tsx(3022,37): error TS17004: Cannot use JSX unless the '--jsx' flag is provided.
app/nbd-incoming/page.tsx(3031,41): error TS17004: Cannot use JSX unless the '--jsx' flag is provided.
app/nbd-incoming/page.tsx(3032,45): error TS17004: Cannot use JSX unless the '--jsx' flag is provided.
app/nbd-incoming/page.tsx(3033,49): error TS17004: Cannot use JSX unless the '--jsx' flag is provided.
app/nbd-incoming/page.tsx(3034,49): error TS17004: Cannot use JSX unless the '--jsx' flag is provided.
app/nbd-incoming/page.tsx(3036,45): error TS17004: Cannot use JSX unless the '--jsx' flag is provided.
app/nbd-incoming/page.tsx(3037,49): error TS17004: Cannot use JSX unless the '--jsx' flag is provided.
app/nbd-incoming/page.tsx(3047,53): error TS17004: Cannot use JSX unless the '--jsx' flag is provided.
app/nbd-incoming/page.tsx(3047,118): error TS17004: Cannot use JSX unless the '--jsx' flag is provided.
app/nbd-incoming/page.tsx(3049,49): error TS17004: Cannot use JSX unless the '--jsx' flag is provided.
app/nbd-incoming/page.tsx(3060,53): error TS17004: Cannot use JSX unless the '--jsx' flag is provided.
app/nbd-incoming/page.tsx(3060,132): error TS17004: Cannot use JSX unless the '--jsx' flag is provided.
app/nbd-incoming/page.tsx(3062,49): error TS17004: Cannot use JSX unless the '--jsx' flag is provided.
app/nbd-incoming/page.tsx(3071,53): error TS17004: Cannot use JSX unless the '--jsx' flag is provided.
app/nbd-incoming/page.tsx(3071,132): error TS17004: Cannot use JSX unless the '--jsx' flag is provided.
app/nbd-incoming/page.tsx(3078,29): error TS17004: Cannot use JSX unless the '--jsx' flag is provided.
app/nbd-incoming/page.tsx(3094,9): error TS17004: Cannot use JSX unless the '--jsx' flag is provided.
app/nbd-incoming/page.tsx(3094,29): error TS17004: Cannot use JSX unless the '--jsx' flag is provided.
app/nbd-incoming/page.tsx(3094,72): error TS17004: Cannot use JSX unless the '--jsx' flag is provided.
app/nbd-incoming/page.tsx(3095,13): error TS17004: Cannot use JSX unless the '--jsx' flag is provided.
node_modules/framer-motion/dist/types.d-DagZKalS.d.ts(33,11): error TS2320: Interface 'MotionStyle' cannot simultaneously extend types 'MakeMotionHelper<Omit<CSSProperties, "perspective" | "rotate" | "scale">>' and 'MakeMotionHelper<TransformProperties>'.
  Named property 'x' of types 'MakeMotionHelper<Omit<CSSProperties, "perspective" | "rotate" | "scale">>' and 'MakeMotionHelper<TransformProperties>' are not identical.
node_modules/framer-motion/dist/types/index.d.ts(515,226): error TS2503: Cannot find namespace 'JSX'.
node_modules/framer-motion/dist/types/index.d.ts(542,228): error TS2503: Cannot find namespace 'JSX'.
